// Jest Snapshot v1, https://goo.gl/fbAQLP

exports[`Component matches snapshot 1`] = `
.c0 {
  display: -webkit-inline-box;
  display: -webkit-inline-flex;
  display: -ms-inline-flexbox;
  display: inline-flex;
  margin: 15px 0 10px 0;
  padding: 12px 10px;
  font-size: 14px;
  font-family: clear-sans-text,"Roboto Mono",monospace;
  -webkit-letter-spacing: 0;
  -moz-letter-spacing: 0;
  -ms-letter-spacing: 0;
  letter-spacing: 0;
  color: #fff;
  overflow-x: scroll;
  width: auto;
  max-width: 100%;
  border-radius: 0;
  background: #59fadc;
  -ms-overflow-style: none;
}

.c0::-webkit-scrollbar {
  display: none;
}

<code
  class="c0 className"
  type="type"
>
  hello world
</code>
`;
