// Jest Snapshot v1, https://goo.gl/fbAQLP

exports[`Component matches snapshot 1`] = `
<DocumentFragment>
  .c0 {
  margin-bottom: 20px;
  font-size: 20px;
  font-family: clear-sans-text,arial,sans-serif;
  font-weight: 600;
  color: #000000;
  line-height: 40px;
}

<h4
    class="c0"
  >
    Associated Webhooks
  </h4>
  .c0 {
  padding: 20px 20px;
  border: 1px solid #E0E0E0;
  list-style: none;
  margin-bottom: 20px;
  border-radius: 4px;
}

.c2 {
  margin: 0px;
}

.c1 + .c1 {
  margin-top: 10px;
}

.c3 {
  color: #3DDED0;
  font-size: 16px;
  line-height: 28px;
}

.c3:hover {
  color: #000000;
}

<ul
    class="c0"
  >
    <li
      class="c1 c2"
    >
      <a
        class="c3"
        href="#payment-message-assessment-failed-webhook-v-1"
      >
        payment-message-assessment-failed-webhook-v1
      </a>
    </li>
  </ul>
</DocumentFragment>
`;
