// Jest Snapshot v1, https://goo.gl/fbAQLP

exports[`Component matches snapshot 1`] = `
.c5 {
  width: 100%;
}

.c0 {
  display: -webkit-box;
  display: -webkit-flex;
  display: -ms-flexbox;
  display: flex;
  -webkit-flex-direction: column;
  -ms-flex-direction: column;
  flex-direction: column;
  padding-top: 20px;
  border-top: dashed 1px #E0E0E0;
}

.c4 {
  max-width: 170px;
  display: block;
  margin: auto;
  margin-bottom: 30px;
  margin-top: 30px;
}

.c3 {
  text-align: center;
  margin-bottom: 40px;
}

.c1 {
  padding: 0 20px;
}

.c2 {
  display: block;
  width: 100%;
  color: #6C7F98;
  font-size: 14px;
}

.c6 {
  white-space: nowrap;
  color: #6C7F98;
}

@media screen and (min-width:992px) {
  .c0 {
    -webkit-align-items: start;
    -webkit-box-align: start;
    -ms-flex-align: start;
    align-items: start;
    -webkit-flex-direction: row;
    -ms-flex-direction: row;
    flex-direction: row;
    -webkit-box-pack: justify;
    -webkit-justify-content: space-between;
    -ms-flex-pack: justify;
    justify-content: space-between;
  }
}

@media screen and (min-width:992px) {
  .c0 {
    padding: 30px;
  }
}

@media screen and (min-width:992px) {
  .c4 {
    margin-top: 0;
  }
}

@media screen and (min-width:768px) {
  .c3 {
    margin-top: 30px;
  }
}

@media screen and (min-width:992px) {
  .c3 {
    padding-right: 50px;
  }
}

@media screen and (min-width:992px) {
  .c2 {
    padding-right: 55px;
  }

  .c2:first-child {
    margin-top: 30px;
  }
}

<div
  class="c0 css-vurnku"
  role="contentinfo"
>
  <div
    class="c1"
  >
    <p
      class="c2"
    >
      Copyright ClearBank Ltd. Authorised by the Prudential Regulation Authority and regulated by the Financial Conduct Authority and the Prudential Regulation Authority (Financial Services Register number: 754568). Registered Address: ClearBank, 4th Floor, Prologue Works, 25 Marsh St, Bristol BS1 4AX.
    </p>
    <p
      class="c2"
    >
      ClearBank® provides customers with a Definitive Services Agreement, which covers the provision of indirect access services. Code of Conduct for Indirect Access Providers
    </p>
  </div>
  <div
    class="c3"
  >
    <div
      class="c4"
    >
      <div
        class="c5"
      >
        <img
          alt="ClearBank"
          src=""
        />
      </div>
    </div>
    <span
      class="c6 long-primer"
    >
      © Copyright 
      2023
       ClearBank
      <sup>
        ®
      </sup>
    </span>
  </div>
</div>
`;
