// Jest Snapshot v1, https://goo.gl/fbAQLP

exports[`renders external link with icon 1`] = `
    <a href="https://gov.uk" target="_blank" rel="noopener noreferrer"> Example text <span class="sc-bdfBwQ" /></a>
`;
